=== AccelGCN Compute GPU Test (Both Buses) ===

========================================
  TESTING GPU ON BUS 1
========================================

[AMDGPU] Scanning PCI bus for AMD GPUs...
[AMDGPU] Found: 2:0.0  [Cape Verde] GCN 1.0 (Southern Islands)  CUs=10  BAR0=256MB
[AMDGPU] Found: 1:0.0  [Cape Verde] GCN 1.0 (Southern Islands)  CUs=10  BAR0=256MB
[AMDGPU] Discovery complete: 2 AMD GPU(s) found
[AccelGCN] using GPU 1 (bus 1)
[AccelGCN] display GPU selected — BAR lockout overridden for mapping
[AMDGPU BAR] WARNING: mapping MMIO for display GPU (lockout overridden)
[AMDGPU BAR] GPU 1 PCI COMMAND before: 0x0x7
[AMDGPU BAR] GPU 1 PCI COMMAND after:  0x0x7
[AMDGPU BAR] MMIO mapped: 256KB
[AMDGPU BAR] WARNING: mapping VRAM for display GPU (lockout overridden)
[AMDGPU BAR] VRAM mapped: 256MB
AtomBIOS: No VBIOS shadow at VRAM offset 0 (sig=0x0x2427)
AtomBIOS: VRAM shadow failed, trying sysfs...
AtomBIOS: Loaded 65536 bytes from sysfs ROM
[PP] PowerPlay table parsed: 6 clock entries, 4 states, rev=0
[Volt] Voltage objects parsed: 4 objects, VDDC=GPIO(4 entries), leakage=7 entries
[DPM_SI] display GPU — SPLL already running (STATUS=0x0x700202), skip ASIC_INIT
[AccelGCN] Keeping BIOS MC_VM_FB_LOCATION (skipping MC_SI_Program)
[PM4] HaltCP: REFUSED — display GPU
[PM4] mc_fb_base=0x0xF400000000
[PM4] SoftResetCP: REFUSED — display GPU (would kill VESA framebuffer)
[PM4] HaltCP: REFUSED — display GPU
[AMDGPU BAR] WARNING: mapping MMIO for display GPU (lockout overridden)
[AMDGPU BAR] WARNING: mapping VRAM for display GPU (lockout overridden)
[AMDGPU BAR] WARNING: mapping MMIO for display GPU (lockout overridden)
[AMDGPU BAR] WARNING: mapping VRAM for display GPU (lockout overridden)
[AMDGPU BAR] WARNING: mapping MMIO for display GPU (lockout overridden)
[AMDGPU BAR] WARNING: mapping VRAM for display GPU (lockout overridden)
[CIR] initialized: IR=1638400B MC=1048576B
[SMC_SI] Loading firmware: /lib/firmware/radeon/VERDE_smc.bin
[SMC_SI] Firmware size: 60388 bytes
[SMC_SI] SMC stopped and reset
[SMC_SI] Bootstrap instruction written
[SMC_SI] Firmware uploaded: 15097 DWORDs to SRAM at 0x0x10000
[SMC_SI] SMC started
[SMC_SI] SMC is running
[DPM_SI] Step 1: Enable voltage control
[DPM_SI] Step 1b: Programming DPM control registers
[DPM_SI] Step 2: Reading firmware header
[DPM_SI] FW header: state=0x0x1E020 soft=0x0x1D194 mc_reg=0x0x1DADC mc_arb=0x0x1D0A8 spll=0x0x1D2C4
[DPM_SI] Stopping SMC for table upload
[DPM_SI] MC ARB F0→F1 switch done
[DPM_SI] Step 3: Building and uploading state table
[DPM_SI] Built 5 DPM levels:
  [0] SCLK=300MHz  MCLK=149000  VDDC=950mV
  [1] SCLK=400MHz  MCLK=149000  VDDC=950mV
  [2] SCLK=500MHz  MCLK=149000  VDDC=950mV
  [3] SCLK=1000MHz  MCLK=149000  VDDC=950mV
  [4] SCLK=1020MHz  MCLK=149000  VDDC=950mV
[DPM_SI] lowSMIO populated: 4 VDDC entries, mask=0x0x108000
[DPM_SI] lowSMIO: 2 VDDCI entries, mask=0x0x80
[DPM_SI] Uploading state table to SRAM at 0x0x1E020 (792 bytes, driverState=1 level, 5 levels available for runtime)
[DPM_SI] State table uploaded
[DPM_SI] Header: systemFlags=0x0x4, maxVddcIdx=3
[DPM_SI] MC reg table at 0x0x1DADC, writing last=0
[DPM_SI] MC ARB table at 0x0x1D0A8
[DPM_SI] Building SPLL div table at SRAM 0x0x1D2C4
[DPM_SI] SPLL div table uploaded (256 entries)
[DPM_SI] ARB table index set to F1 (0x0B)
[DPM_SI] MC ARB timing: dram=0x0xA080204, dram2=0x0x10120A0C, burst=5
[DPM_SI] Programmed 8 MC ARB timing entries in SRAM
[DPM_SI] Step 4: Programming soft registers
[DPM_SI] Soft registers programmed (ticks_per_us=27)
[DPM_SI] Step 5: Starting SMC
[DPM_SI] Step 6: Sending NoDisplay
[DPM_SI] Step 7: Enable SCLK control
[DPM_SI] Step 8: Start DPM (GLOBAL_PWRMGT_EN)
[DPM_SI] Step 9: Enable auto throttle source (DPM_EVENT_SRC=DIGITAL)
[DPM_SI] DPM enabled with 5 levels
[DPM_SI] Uploaded driverState: 5 levels to SRAM 0x0x1E2A0
[SMC_SI] SendMessage msg 0x0x82 response: 0x0xFF (expected 0x01)
[SMC_SI] SendMessage msg 0x0x83 response: 0x0xFF (expected 0x01)
[AccelGCN] DPM enabled, forced HIGH (5 levels)
AccelGCN_Init: 0

Kernel: 8 insns, 76 bytes MC
Wr32(0xDEADBEEF) -> Rd32=0x0xDEADBEEF  Wr32(0xCAFEBABE) -> Rd32=0x0xCAFEBABE
Pre-dispatch: src[0]=0 src[1]=1 dst[0]=0x0x0
mc_fb_base=0x0xF400000000 gpu_data=0x0xF404082000
VM_CONTEXT0_CNTL=0x0x11 L1_TLB_CNTL=0x0x55B VM_L2_CNTL=0x0xB8603
SYS_APE_LOW=0x0xF400000 SYS_APE_HIGH=0x0xF43FFFF MC_VM_FB_LOC=0x0xF43FF400
SH_MEM_CONFIG=0x0x0 SH_MEM_BASES=0x0x0 GRBM_STATUS=0x0x3028
